// Jest Snapshot v1, https://jestjs.io/docs/snapshot-testing

exports[`効果継続ターン更新が正しく処理される 1`] = `
{
  "activePlayerId": "",
  "effect": {
    "endArmdozerEffects": [
      {
        "effect": {
          "period": {
            "remainingTurn": 0,
            "type": "TurnLimit",
          },
          "type": "Empty",
        },
        "playerId": "player1",
      },
      {
        "effect": {
          "period": {
            "remainingTurn": 0,
            "type": "TurnLimit",
          },
          "type": "Empty",
        },
        "playerId": "player2",
      },
    ],
    "name": "UpdateRemainingTurn",
  },
  "players": [
    {
      "armdozer": {
        "battery": 5,
        "batteryAutoRecovery": 3,
        "burst": {
          "recoverBattery": 5,
          "turnStartBatteryCorrect": 1,
          "type": "RecoverBattery",
        },
        "effects": [
          {
            "period": {
              "type": "SpecialPeriod",
            },
            "type": "Empty",
          },
          {
            "period": {
              "remainingTurn": 3,
              "type": "TurnLimit",
            },
            "type": "Empty",
          },
        ],
        "enableBurst": true,
        "hp": 3000,
        "id": "id",
        "maxBattery": 5,
        "maxHp": 3000,
        "name": "name",
        "power": 2000,
        "speed": 2000,
      },
      "pilot": {
        "enableSkill": true,
        "id": "EMPTY_PLAYER",
        "name": "名無し",
        "skill": {
          "recoverBattery": 2,
          "type": "RecoverBatterySkill",
        },
      },
      "playerId": "player1",
    },
    {
      "armdozer": {
        "battery": 5,
        "batteryAutoRecovery": 3,
        "burst": {
          "recoverBattery": 5,
          "turnStartBatteryCorrect": 1,
          "type": "RecoverBattery",
        },
        "effects": [
          {
            "period": {
              "remainingTurn": 2,
              "type": "TurnLimit",
            },
            "type": "Empty",
          },
        ],
        "enableBurst": true,
        "hp": 3000,
        "id": "id",
        "maxBattery": 5,
        "maxHp": 3000,
        "name": "name",
        "power": 2000,
        "speed": 2000,
      },
      "pilot": {
        "enableSkill": true,
        "id": "EMPTY_PLAYER",
        "name": "名無し",
        "skill": {
          "recoverBattery": 2,
          "type": "RecoverBatterySkill",
        },
      },
      "playerId": "player2",
    },
  ],
}
`;
