// Jest Snapshot v1, https://jestjs.io/docs/snapshot-testing

exports[`バッテリー増強スキルが正しく発動できる 1`] = `
{
  "activePlayerId": "invoker",
  "effect": {
    "invokerId": "invoker",
    "name": "PilotSkillEffect",
    "skill": {
      "batteryEnhancement": 1,
      "duration": 2,
      "type": "BatteryEnhancementSkill",
    },
  },
  "players": [
    {
      "armdozer": {
        "battery": 5,
        "batteryAutoRecovery": 3,
        "burst": {
          "recoverBattery": 5,
          "turnStartBatteryCorrect": 1,
          "type": "RecoverBattery",
        },
        "effects": [],
        "enableBurst": true,
        "hp": 3000,
        "id": "id",
        "maxBattery": 5,
        "maxHp": 3000,
        "name": "name",
        "power": 2000,
        "speed": 2000,
      },
      "pilot": {
        "enableSkill": true,
        "id": "EMPTY_PLAYER",
        "name": "名無し",
        "skill": {
          "recoverBattery": 2,
          "type": "RecoverBatterySkill",
        },
      },
      "playerId": "other",
    },
    {
      "armdozer": {
        "battery": 5,
        "batteryAutoRecovery": 3,
        "burst": {
          "recoverBattery": 5,
          "turnStartBatteryCorrect": 1,
          "type": "RecoverBattery",
        },
        "effects": [
          {
            "period": {
              "remainingTurn": 1,
              "type": "TurnLimit",
            },
            "type": "Empty",
          },
          {
            "period": {
              "remainingTurn": 1,
              "type": "TurnLimit",
            },
            "type": "Empty",
          },
          {
            "batteryCorrection": 1,
            "period": {
              "remainingTurn": 2,
              "type": "TurnLimit",
            },
            "type": "BatteryCorrection",
          },
          {
            "period": {
              "remainingTurn": 2,
              "type": "TurnLimit",
            },
            "type": "HalveCorrectPower",
          },
        ],
        "enableBurst": true,
        "hp": 3000,
        "id": "id",
        "maxBattery": 5,
        "maxHp": 3000,
        "name": "name",
        "power": 2000,
        "speed": 2000,
      },
      "pilot": {
        "enableSkill": false,
        "id": "EMPTY_PLAYER",
        "name": "名無し",
        "skill": {
          "batteryEnhancement": 1,
          "duration": 2,
          "type": "BatteryEnhancementSkill",
        },
      },
      "playerId": "invoker",
    },
  ],
}
`;
